******************************************************************************
                  TI ARM Linker PC v18.12.2                    
******************************************************************************
>> Linked Mon Sep 23 01:32:38 2019

OUTPUT FILE NAME:   <Tiva_One.out>
ENTRY POINT SYMBOL: "_c_int00_noargs"  address: 00001359


MEMORY CONFIGURATION

         name            origin    length      used     unused   attr    fill
----------------------  --------  ---------  --------  --------  ----  --------
  FLASH                 00000000   00040000  000017a8  0003e858  R  X
  SRAM                  20000000   00008000  0000047d  00007b83  RW X


SEGMENT ALLOCATION MAP

run origin  load origin   length   init length attrs members
----------  ----------- ---------- ----------- ----- -------
00000000    00000000    000017a8   000017a8    r-x
  00000000    00000000    0000026c   0000026c    r-- .intvecs
  0000026c    0000026c    000012c0   000012c0    r-x .text
  0000152c    0000152c    0000023c   0000023c    r-- .const
  00001768    00001768    00000040   00000040    r-- .cinit
20000000    20000000    0000047d   00000000    rw-
  20000000    20000000    0000026c   00000000    rw- .vtable
  2000026c    2000026c    00000004   00000000    rw- .bss
  20000270    20000270    00000200   00000000    rw- .stack
  20000470    20000470    0000000d   00000000    rw- .data


SECTION ALLOCATION MAP

 output                                  attributes/
section   page    origin      length       input sections
--------  ----  ----------  ----------   ----------------
.intvecs   0    00000000    0000026c     
                  00000000    0000026c     tm4c123gh6pm_startup_ccs.obj (.intvecs)

.text      0    0000026c    000012c0     
                  0000026c    0000049c     uartstdio.obj (.text)
                  00000708    00000318     main.obj (.text)
                  00000a20    00000178     UART.obj (.text)
                  00000b98    00000132     driverlib.lib : gpio.obj (.text:GPIOPadConfigSet)
                  00000cca    00000002     rtsv7M4_T_le_v4SPD16_eabi.lib : div0.asm.obj (.text)
                  00000ccc    00000110     driverlib.lib : sysctl.obj (.text:SysCtlClockGet)
                  00000ddc    000000f4                   : sysctl.obj (.text:SysCtlClockSet)
                  00000ed0    0000009c     rtsv7M4_T_le_v4SPD16_eabi.lib : memcpy_t2.asm.obj (.text)
                  00000f6c    00000084     timer.obj (.text)
                  00000ff0    00000068     driverlib.lib : interrupt.obj (.text:IntEnable)
                  00001058    00000068     rtsv7M4_T_le_v4SPD16_eabi.lib : copy_decompress_lzss.c.obj (.text:decompress:lzss:__TI_decompress_lzss)
                  000010c0    00000060     driverlib.lib : timer.obj (.text:TimerConfigure)
                  00001120    0000004c                   : timer.obj (.text:_TimerIntNumberGet)
                  0000116c    00000048                   : gpio.obj (.text:GPIOPinConfigure)
                  000011b4    00000046                   : uart.obj (.text:UARTConfigSetExpClk)
                  000011fa    00000002     --HOLE-- [fill = 0]
                  000011fc    00000044     rtsv7M4_T_le_v4SPD16_eabi.lib : autoinit.c.obj (.text:__TI_auto_init_nobinit_nopinit:__TI_auto_init_nobinit_nopinit)
                  00001240    00000040                                   : u_divt2.asm.obj (.text)
                  00001280    00000038     driverlib.lib : sysctl.obj (.text:SysCtlPeripheralPresent)
                  000012b8    00000038                   : sysctl.obj (.text:SysCtlPeripheralReady)
                  000012f0    00000034                   : interrupt.obj (.text:IntRegister)
                  00001324    00000034                   : sysctl.obj (.text:SysCtlPeripheralEnable)
                  00001358    00000034     rtsv7M4_T_le_v4SPD16_eabi.lib : boot_cortex_m.c.obj (.text:_c_int00_noargs:_c_int00_noargs)
                  0000138c    0000002a     driverlib.lib : gpio.obj (.text:GPIODirModeSet)
                  000013b6    00000002     --HOLE-- [fill = 0]
                  000013b8    00000020                   : uart.obj (.text:UARTDisable)
                  000013d8    0000001c     rtsv7M4_T_le_v4SPD16_eabi.lib : copy_zero_init.c.obj (.text:decompress:ZI:__TI_zero_init_nomemset:__TI_zero_init_nomemset)
                  000013f4    00000018     driverlib.lib : gpio.obj (.text:GPIOPinTypeGPIOOutput)
                  0000140c    00000018                   : timer.obj (.text:TimerIntRegister)
                  00001424    00000014                   : uart.obj (.text:UARTEnable)
                  00001438    00000012                   : gpio.obj (.text:GPIOPinTypeGPIOInput)
                  0000144a    00000012                   : gpio.obj (.text:GPIOPinTypeUART)
                  0000145c    00000012                   : timer.obj (.text:TimerLoadSet)
                  0000146e    00000010                   : interrupt.obj (.text:IntMasterEnable)
                  0000147e    0000000e                   : timer.obj (.text:TimerEnable)
                  0000148c    0000000e                   : uart.obj (.text:UARTCharGetNonBlocking)
                  0000149a    0000000e                   : uart.obj (.text:UARTCharPutNonBlocking)
                  000014a8    0000000e                   : uart.obj (.text:UARTCharsAvail)
                  000014b6    0000000e     rtsv7M4_T_le_v4SPD16_eabi.lib : copy_decompress_none.c.obj (.text:decompress:none:__TI_decompress_none)
                  000014c4    0000000c     driverlib.lib : cpu.obj (.text:CPUcpsie)
                  000014d0    0000000c     tm4c123gh6pm_startup_ccs.obj (.text)
                  000014dc    0000000a     driverlib.lib : uart.obj (.text:UARTCharGet)
                  000014e6    0000000a                   : uart.obj (.text:UARTCharPut)
                  000014f0    0000000a                   : uart.obj (.text:UARTIntStatus)
                  000014fa    00000008                   : timer.obj (.text:TimerIntEnable)
                  00001502    00000008                   : uart.obj (.text:UARTIntEnable)
                  0000150a    00000006                   : gpio.obj (.text:GPIOPinRead)
                  00001510    00000006                   : gpio.obj (.text:GPIOPinWrite)
                  00001516    00000006                   : sysctl.obj (.text:SysCtlDelay)
                  0000151c    00000004                   : timer.obj (.text:TimerIntClear)
                  00001520    00000004                   : uart.obj (.text:UARTIntClear)
                  00001524    00000004     rtsv7M4_T_le_v4SPD16_eabi.lib : pre_init.c.obj (.text:_system_pre_init)
                  00001528    00000004                                   : exit.c.obj (.text:abort:abort)

.const     0    0000152c    0000023c     
                  0000152c    00000090     driverlib.lib : gpio.obj (.const:g_pui32GPIOBaseAddrs)
                  000015bc    00000070                   : interrupt.obj (.const)
                  0000162c    0000006c                   : sysctl.obj (.const:g_pui32Xtals)
                  00001698    00000060                   : timer.obj (.const:g_ppui32TimerIntMap)
                  000016f8    00000040                   : timer.obj (.const:g_ppui32TimerIntMapSnowflake)
                  00001738    00000012     uartstdio.obj (.const:.string)
                  0000174a    00000002     --HOLE-- [fill = 0]
                  0000174c    0000000c     uartstdio.obj (.const:g_ui32UARTBase)
                  00001758    0000000c     uartstdio.obj (.const:g_ui32UARTPeriph)
                  00001764    00000004     uartstdio.obj (.const)

.cinit     0    00001768    00000040     
                  00001768    0000000c     (__TI_handler_table)
                  00001774    00000004     --HOLE-- [fill = 0]
                  00001778    00000008     (.cinit..bss.load) [load image, compression = zero_init]
                  00001780    00000008     (.cinit..vtable.load) [load image, compression = zero_init]
                  00001788    00000007     (.cinit..data.load) [load image, compression = lzss]
                  0000178f    00000001     --HOLE-- [fill = 0]
                  00001790    00000018     (__TI_cinit_table)

.init_array 
*          0    00000000    00000000     UNINITIALIZED

.vtable    0    20000000    0000026c     UNINITIALIZED
                  20000000    0000026c     driverlib.lib : interrupt.obj (.vtable)

.bss       0    2000026c    00000004     UNINITIALIZED
                  2000026c    00000004     (.common:Temp_Reading)

.data      0    20000470    0000000d     UNINITIALIZED
                  20000470    00000006     main.obj (.data)
                  20000476    00000002     --HOLE--
                  20000478    00000005     uartstdio.obj (.data)

.stack     0    20000270    00000200     UNINITIALIZED
                  20000270    00000004     rtsv7M4_T_le_v4SPD16_eabi.lib : boot_cortex_m.c.obj (.stack)
                  20000274    000001fc     --HOLE--

MODULE SUMMARY

       Module                         code   ro data   rw data
       ------                         ----   -------   -------
    .\
       uartstdio.obj                  1180   46        5      
       main.obj                       792    0         10     
       tm4c123gh6pm_startup_ccs.obj   12     620       0      
       UART.obj                       376    0         0      
       timer.obj                      132    0         0      
    +--+------------------------------+------+---------+---------+
       Total:                         2492   666       15     
                                                              
    C:\ti\ccs910\ccs\tools\compiler\ti-cgt-arm_18.12.2.LTS\lib\rtsv7M4_T_le_v4SPD16_eabi.lib
       memcpy_t2.asm.obj              156    0         0      
       copy_decompress_lzss.c.obj     104    0         0      
       autoinit.c.obj                 68     0         0      
       u_divt2.asm.obj                64     0         0      
       boot_cortex_m.c.obj            52     0         0      
       copy_zero_init.c.obj           28     0         0      
       copy_decompress_none.c.obj     14     0         0      
       exit.c.obj                     4      0         0      
       pre_init.c.obj                 4      0         0      
       div0.asm.obj                   2      0         0      
    +--+------------------------------+------+---------+---------+
       Total:                         496    0         0      
                                                              
    E:/Sprints/CCS9.1.0.00010_win64/CCS9.1.0.00010_win64/TivaWare_C_Series-2.1.4.178/driverlib/ccs/Debug/driverlib.lib
       interrupt.obj                  172    112       620    
       sysctl.obj                     686    108       0      
       gpio.obj                       492    144       0      
       timer.obj                      240    160       0      
       uart.obj                       206    0         0      
       cpu.obj                        12     0         0      
    +--+------------------------------+------+---------+---------+
       Total:                         1808   524       620    
                                                              
       Stack:                         0      0         512    
       Linker Generated:              0      59        0      
    +--+------------------------------+------+---------+---------+
       Grand Total:                   4796   1249      1147   


LINKER GENERATED COPY TABLES

__TI_cinit_table @ 00001790 records: 3, size/record: 8, table size: 24
	.bss: load addr=00001778, load size=00000008 bytes, run addr=2000026c, run size=00000004 bytes, compression=zero_init
	.vtable: load addr=00001780, load size=00000008 bytes, run addr=20000000, run size=0000026c bytes, compression=zero_init
	.data: load addr=00001788, load size=00000007 bytes, run addr=20000470, run size=0000000d bytes, compression=lzss


LINKER GENERATED HANDLER TABLE

__TI_handler_table @ 00001768 records: 3, size/record: 4, table size: 12
	index: 0, handler: __TI_zero_init
	index: 1, handler: __TI_decompress_lzss
	index: 2, handler: __TI_decompress_none


GLOBAL SYMBOLS: SORTED ALPHABETICALLY BY Name 

address   name                          
-------   ----                          
00001529  C$$EXIT                       
000014c5  CPUcpsie                      
0000138d  GPIODirModeSet                
00000b99  GPIOPadConfigSet              
0000116d  GPIOPinConfigure              
0000150b  GPIOPinRead                   
00001439  GPIOPinTypeGPIOInput          
000013f5  GPIOPinTypeGPIOOutput         
0000144b  GPIOPinTypeUART               
00001511  GPIOPinWrite                  
00000ff1  IntEnable                     
0000146f  IntMasterEnable               
000012f1  IntRegister                   
000014d1  ResetISR                      
00000ccd  SysCtlClockGet                
00000ddd  SysCtlClockSet                
00001517  SysCtlDelay                   
00001325  SysCtlPeripheralEnable        
00001281  SysCtlPeripheralPresent       
000012b9  SysCtlPeripheralReady         
2000026c  Temp_Reading                  
00000fb1  Timer0Handler                 
00000f6d  Timer0_Init                   
000010c1  TimerConfigure                
0000147f  TimerEnable                   
0000151d  TimerIntClear                 
000014fb  TimerIntEnable                
0000140d  TimerIntRegister              
0000145d  TimerLoadSet                  
20000470  Timer_Counter                 
000014dd  UARTCharGet                   
0000148d  UARTCharGetNonBlocking        
000014e7  UARTCharPut                   
0000149b  UARTCharPutNonBlocking        
000014a9  UARTCharsAvail                
000011b5  UARTConfigSetExpClk           
000013b9  UARTDisable                   
00001425  UARTEnable                    
00000a21  UARTInit0                     
00000a5d  UARTInit1                     
00001521  UARTIntClear                  
00001503  UARTIntEnable                 
00000a97  UARTIntHandler                
00000aeb  UARTIntHandler1               
000014f1  UARTIntStatus                 
00000b59  UARTSend                      
0000026d  UARTStdioConfig               
000003b3  UARTgetc                      
000002f9  UARTgets                      
000006d3  UARTprintf                    
000003d9  UARTvprintf                   
000002b3  UARTwrite                     
20000470  __STACK_END                   
00000200  __STACK_SIZE                  
20000470  __STACK_TOP                   
00001790  __TI_CINIT_Base               
000017a8  __TI_CINIT_Limit              
00001768  __TI_Handler_Table_Base       
00001774  __TI_Handler_Table_Limit      
000011fd  __TI_auto_init_nobinit_nopinit
00001059  __TI_decompress_lzss          
000014b7  __TI_decompress_none          
ffffffff  __TI_pprof_out_hndl           
ffffffff  __TI_prof_data_size           
ffffffff  __TI_prof_data_start          
00000000  __TI_static_base__            
000013d9  __TI_zero_init_nomemset       
00000ccb  __aeabi_idiv0                 
00000ccb  __aeabi_ldiv0                 
00000ed1  __aeabi_memcpy                
00000ed1  __aeabi_memcpy4               
00000ed1  __aeabi_memcpy8               
00001241  __aeabi_uidiv                 
00001241  __aeabi_uidivmod              
ffffffff  __binit__                     
ffffffff  __c_args__                    
UNDEFED   __mpu_init                    
20000270  __stack                       
00001359  _c_int00_noargs               
UNDEFED   _system_post_cinit            
00001525  _system_pre_init              
00001529  abort                         
ffffffff  binit                         
20000000  g_pfnRAMVectors               
00000000  g_pfnVectors                  
00000709  main                          
00000ed1  memcpy                        
20000474  speed                         
20000475  status                        


GLOBAL SYMBOLS: SORTED BY Symbol Address 

address   name                          
-------   ----                          
00000000  __TI_static_base__            
00000000  g_pfnVectors                  
00000200  __STACK_SIZE                  
0000026d  UARTStdioConfig               
000002b3  UARTwrite                     
000002f9  UARTgets                      
000003b3  UARTgetc                      
000003d9  UARTvprintf                   
000006d3  UARTprintf                    
00000709  main                          
00000a21  UARTInit0                     
00000a5d  UARTInit1                     
00000a97  UARTIntHandler                
00000aeb  UARTIntHandler1               
00000b59  UARTSend                      
00000b99  GPIOPadConfigSet              
00000ccb  __aeabi_idiv0                 
00000ccb  __aeabi_ldiv0                 
00000ccd  SysCtlClockGet                
00000ddd  SysCtlClockSet                
00000ed1  __aeabi_memcpy                
00000ed1  __aeabi_memcpy4               
00000ed1  __aeabi_memcpy8               
00000ed1  memcpy                        
00000f6d  Timer0_Init                   
00000fb1  Timer0Handler                 
00000ff1  IntEnable                     
00001059  __TI_decompress_lzss          
000010c1  TimerConfigure                
0000116d  GPIOPinConfigure              
000011b5  UARTConfigSetExpClk           
000011fd  __TI_auto_init_nobinit_nopinit
00001241  __aeabi_uidiv                 
00001241  __aeabi_uidivmod              
00001281  SysCtlPeripheralPresent       
000012b9  SysCtlPeripheralReady         
000012f1  IntRegister                   
00001325  SysCtlPeripheralEnable        
00001359  _c_int00_noargs               
0000138d  GPIODirModeSet                
000013b9  UARTDisable                   
000013d9  __TI_zero_init_nomemset       
000013f5  GPIOPinTypeGPIOOutput         
0000140d  TimerIntRegister              
00001425  UARTEnable                    
00001439  GPIOPinTypeGPIOInput          
0000144b  GPIOPinTypeUART               
0000145d  TimerLoadSet                  
0000146f  IntMasterEnable               
0000147f  TimerEnable                   
0000148d  UARTCharGetNonBlocking        
0000149b  UARTCharPutNonBlocking        
000014a9  UARTCharsAvail                
000014b7  __TI_decompress_none          
000014c5  CPUcpsie                      
000014d1  ResetISR                      
000014dd  UARTCharGet                   
000014e7  UARTCharPut                   
000014f1  UARTIntStatus                 
000014fb  TimerIntEnable                
00001503  UARTIntEnable                 
0000150b  GPIOPinRead                   
00001511  GPIOPinWrite                  
00001517  SysCtlDelay                   
0000151d  TimerIntClear                 
00001521  UARTIntClear                  
00001525  _system_pre_init              
00001529  C$$EXIT                       
00001529  abort                         
00001768  __TI_Handler_Table_Base       
00001774  __TI_Handler_Table_Limit      
00001790  __TI_CINIT_Base               
000017a8  __TI_CINIT_Limit              
20000000  g_pfnRAMVectors               
2000026c  Temp_Reading                  
20000270  __stack                       
20000470  Timer_Counter                 
20000470  __STACK_END                   
20000470  __STACK_TOP                   
20000474  speed                         
20000475  status                        
ffffffff  __TI_pprof_out_hndl           
ffffffff  __TI_prof_data_size           
ffffffff  __TI_prof_data_start          
ffffffff  __binit__                     
ffffffff  __c_args__                    
ffffffff  binit                         
UNDEFED   __mpu_init                    
UNDEFED   _system_post_cinit            

[89 symbols]
