******************************************************************************
                  TI ARM Linker PC v18.12.2                    
******************************************************************************
>> Linked Sun Sep 22 22:30:32 2019

OUTPUT FILE NAME:   <Tiva_2.out>
ENTRY POINT SYMBOL: "_c_int00_noargs"  address: 00000a65


MEMORY CONFIGURATION

         name            origin    length      used     unused   attr    fill
----------------------  --------  ---------  --------  --------  ----  --------
  FLASH                 00000000   00040000  00000d5c  0003f2a4  R  X
  SRAM                  20000000   00008000  00000204  00007dfc  RW X


SEGMENT ALLOCATION MAP

run origin  load origin   length   init length attrs members
----------  ----------- ---------- ----------- ----- -------
00000000    00000000    00000d60   00000d60    r-x
  00000000    00000000    0000026c   0000026c    r-- .intvecs
  0000026c    0000026c    0000096c   0000096c    r-x .text
  00000bd8    00000bd8    0000016c   0000016c    r-- .const
  00000d48    00000d48    00000018   00000018    r-- .cinit
20000000    20000000    00000204   00000000    rw-
  20000000    20000000    00000200   00000000    rw- .stack
  20000200    20000200    00000004   00000000    rw- .data


SECTION ALLOCATION MAP

 output                                  attributes/
section   page    origin      length       input sections
--------  ----  ----------  ----------   ----------------
.intvecs   0    00000000    0000026c     
                  00000000    0000026c     tm4c123gh6pm_startup_ccs.obj (.intvecs)

.text      0    0000026c    0000096c     
                  0000026c    0000013c     UART.obj (.text)
                  000003a8    00000132     driverlib.lib : gpio.obj (.text:GPIOPadConfigSet)
                  000004da    00000002     --HOLE-- [fill = 0]
                  000004dc    00000110                   : sysctl.obj (.text:SysCtlClockGet)
                  000005ec    00000110     main.obj (.text)
                  000006fc    000000f4     driverlib.lib : sysctl.obj (.text:SysCtlClockSet)
                  000007f0    0000009c     rtsv7M4_T_le_v4SPD16_eabi.lib : memcpy_t2.asm.obj (.text)
                  0000088c    00000068     driverlib.lib : interrupt.obj (.text:IntEnable)
                  000008f4    00000068     rtsv7M4_T_le_v4SPD16_eabi.lib : copy_decompress_lzss.c.obj (.text:decompress:lzss:__TI_decompress_lzss)
                  0000095c    00000048     driverlib.lib : gpio.obj (.text:GPIOPinConfigure)
                  000009a4    00000046                   : uart.obj (.text:UARTConfigSetExpClk)
                  000009ea    00000002     --HOLE-- [fill = 0]
                  000009ec    00000044     rtsv7M4_T_le_v4SPD16_eabi.lib : autoinit.c.obj (.text:__TI_auto_init_nobinit_nopinit:__TI_auto_init_nobinit_nopinit)
                  00000a30    00000034     driverlib.lib : sysctl.obj (.text:SysCtlPeripheralEnable)
                  00000a64    00000034     rtsv7M4_T_le_v4SPD16_eabi.lib : boot_cortex_m.c.obj (.text:_c_int00_noargs:_c_int00_noargs)
                  00000a98    0000002a     driverlib.lib : gpio.obj (.text:GPIODirModeSet)
                  00000ac2    00000002     --HOLE-- [fill = 0]
                  00000ac4    00000020                   : uart.obj (.text:UARTDisable)
                  00000ae4    00000018                   : gpio.obj (.text:GPIOPinTypeGPIOOutput)
                  00000afc    00000014                   : uart.obj (.text:UARTEnable)
                  00000b10    00000012                   : gpio.obj (.text:GPIOPinTypeGPIOInput)
                  00000b22    00000012                   : gpio.obj (.text:GPIOPinTypeUART)
                  00000b34    00000010                   : interrupt.obj (.text:IntMasterEnable)
                  00000b44    0000000e                   : uart.obj (.text:UARTCharGetNonBlocking)
                  00000b52    0000000e                   : uart.obj (.text:UARTCharPutNonBlocking)
                  00000b60    0000000e                   : uart.obj (.text:UARTCharsAvail)
                  00000b6e    0000000e     rtsv7M4_T_le_v4SPD16_eabi.lib : copy_decompress_none.c.obj (.text:decompress:none:__TI_decompress_none)
                  00000b7c    0000000c     driverlib.lib : cpu.obj (.text:CPUcpsie)
                  00000b88    0000000c     tm4c123gh6pm_startup_ccs.obj (.text)
                  00000b94    0000000a     driverlib.lib : uart.obj (.text:UARTCharGet)
                  00000b9e    0000000a                   : uart.obj (.text:UARTCharPut)
                  00000ba8    0000000a                   : uart.obj (.text:UARTIntStatus)
                  00000bb2    00000008                   : uart.obj (.text:UARTIntEnable)
                  00000bba    00000006                   : gpio.obj (.text:GPIOPinRead)
                  00000bc0    00000006                   : gpio.obj (.text:GPIOPinWrite)
                  00000bc6    00000006                   : sysctl.obj (.text:SysCtlDelay)
                  00000bcc    00000004                   : uart.obj (.text:UARTIntClear)
                  00000bd0    00000004     rtsv7M4_T_le_v4SPD16_eabi.lib : pre_init.c.obj (.text:_system_pre_init)
                  00000bd4    00000004                                   : exit.c.obj (.text:abort:abort)

.const     0    00000bd8    0000016c     
                  00000bd8    00000090     driverlib.lib : gpio.obj (.const:g_pui32GPIOBaseAddrs)
                  00000c68    00000070                   : interrupt.obj (.const)
                  00000cd8    0000006c                   : sysctl.obj (.const:g_pui32Xtals)

.cinit     0    00000d48    00000018     
                  00000d48    00000008     (__TI_handler_table)
                  00000d50    00000007     (.cinit..data.load) [load image, compression = lzss]
                  00000d57    00000001     --HOLE-- [fill = 0]
                  00000d58    00000008     (__TI_cinit_table)

.init_array 
*          0    00000000    00000000     UNINITIALIZED

.data      0    20000200    00000004     UNINITIALIZED
                  20000200    00000004     main.obj (.data)

.stack     0    20000000    00000200     UNINITIALIZED
                  20000000    00000004     rtsv7M4_T_le_v4SPD16_eabi.lib : boot_cortex_m.c.obj (.stack)
                  20000004    000001fc     --HOLE--

MODULE SUMMARY

       Module                         code   ro data   rw data
       ------                         ----   -------   -------
    .\
       tm4c123gh6pm_startup_ccs.obj   12     620       0      
       UART.obj                       316    0         0      
       main.obj                       272    0         4      
    +--+------------------------------+------+---------+---------+
       Total:                         600    620       4      
                                                              
    C:\ti\ccs910\ccs\tools\compiler\ti-cgt-arm_18.12.2.LTS\lib\rtsv7M4_T_le_v4SPD16_eabi.lib
       memcpy_t2.asm.obj              156    0         0      
       copy_decompress_lzss.c.obj     104    0         0      
       autoinit.c.obj                 68     0         0      
       boot_cortex_m.c.obj            52     0         0      
       copy_decompress_none.c.obj     14     0         0      
       exit.c.obj                     4      0         0      
       pre_init.c.obj                 4      0         0      
    +--+------------------------------+------+---------+---------+
       Total:                         402    0         0      
                                                              
    E:/Sprints/CCS9.1.0.00010_win64/CCS9.1.0.00010_win64/TivaWare_C_Series-2.1.4.178/driverlib/ccs/Debug/driverlib.lib
       sysctl.obj                     574    108       0      
       gpio.obj                       492    144       0      
       interrupt.obj                  120    112       0      
       uart.obj                       206    0         0      
       cpu.obj                        12     0         0      
    +--+------------------------------+------+---------+---------+
       Total:                         1404   364       0      
                                                              
       Stack:                         0      0         512    
       Linker Generated:              0      23        0      
    +--+------------------------------+------+---------+---------+
       Grand Total:                   2406   1007      516    


LINKER GENERATED COPY TABLES

__TI_cinit_table @ 00000d58 records: 1, size/record: 8, table size: 8
	.data: load addr=00000d50, load size=00000007 bytes, run addr=20000200, run size=00000004 bytes, compression=lzss


LINKER GENERATED HANDLER TABLE

__TI_handler_table @ 00000d48 records: 2, size/record: 4, table size: 8
	index: 0, handler: __TI_decompress_lzss
	index: 1, handler: __TI_decompress_none


GLOBAL SYMBOLS: SORTED ALPHABETICALLY BY Name 

address   name                          
-------   ----                          
00000bd5  C$$EXIT                       
00000b7d  CPUcpsie                      
00000a99  GPIODirModeSet                
000003a9  GPIOPadConfigSet              
0000095d  GPIOPinConfigure              
00000bbb  GPIOPinRead                   
00000b11  GPIOPinTypeGPIOInput          
00000ae5  GPIOPinTypeGPIOOutput         
00000b23  GPIOPinTypeUART               
00000bc1  GPIOPinWrite                  
0000088d  IntEnable                     
00000b35  IntMasterEnable               
00000b89  ResetISR                      
000004dd  SysCtlClockGet                
000006fd  SysCtlClockSet                
00000bc7  SysCtlDelay                   
00000a31  SysCtlPeripheralEnable        
00000b95  UARTCharGet                   
00000b45  UARTCharGetNonBlocking        
00000b9f  UARTCharPut                   
00000b53  UARTCharPutNonBlocking        
00000b61  UARTCharsAvail                
000009a5  UARTConfigSetExpClk           
00000ac5  UARTDisable                   
00000afd  UARTEnable                    
0000026d  UARTInit0                     
000002a9  UARTInit1                     
00000bcd  UARTIntClear                  
00000bb3  UARTIntEnable                 
000002d5  UARTIntHandler                
00000329  UARTIntHandler1               
00000ba9  UARTIntStatus                 
0000036d  UARTSend                      
20000200  __STACK_END                   
00000200  __STACK_SIZE                  
20000200  __STACK_TOP                   
00000d58  __TI_CINIT_Base               
00000d60  __TI_CINIT_Limit              
00000d48  __TI_Handler_Table_Base       
00000d50  __TI_Handler_Table_Limit      
000009ed  __TI_auto_init_nobinit_nopinit
000008f5  __TI_decompress_lzss          
00000b6f  __TI_decompress_none          
ffffffff  __TI_pprof_out_hndl           
ffffffff  __TI_prof_data_size           
ffffffff  __TI_prof_data_start          
00000000  __TI_static_base__            
000007f1  __aeabi_memcpy                
000007f1  __aeabi_memcpy4               
000007f1  __aeabi_memcpy8               
ffffffff  __binit__                     
ffffffff  __c_args__                    
UNDEFED   __mpu_init                    
20000000  __stack                       
00000a65  _c_int00_noargs               
UNDEFED   _system_post_cinit            
00000bd1  _system_pre_init              
00000bd5  abort                         
ffffffff  binit                         
00000000  g_pfnVectors                  
000005ed  main                          
000007f1  memcpy                        


GLOBAL SYMBOLS: SORTED BY Symbol Address 

address   name                          
-------   ----                          
00000000  __TI_static_base__            
00000000  g_pfnVectors                  
00000200  __STACK_SIZE                  
0000026d  UARTInit0                     
000002a9  UARTInit1                     
000002d5  UARTIntHandler                
00000329  UARTIntHandler1               
0000036d  UARTSend                      
000003a9  GPIOPadConfigSet              
000004dd  SysCtlClockGet                
000005ed  main                          
000006fd  SysCtlClockSet                
000007f1  __aeabi_memcpy                
000007f1  __aeabi_memcpy4               
000007f1  __aeabi_memcpy8               
000007f1  memcpy                        
0000088d  IntEnable                     
000008f5  __TI_decompress_lzss          
0000095d  GPIOPinConfigure              
000009a5  UARTConfigSetExpClk           
000009ed  __TI_auto_init_nobinit_nopinit
00000a31  SysCtlPeripheralEnable        
00000a65  _c_int00_noargs               
00000a99  GPIODirModeSet                
00000ac5  UARTDisable                   
00000ae5  GPIOPinTypeGPIOOutput         
00000afd  UARTEnable                    
00000b11  GPIOPinTypeGPIOInput          
00000b23  GPIOPinTypeUART               
00000b35  IntMasterEnable               
00000b45  UARTCharGetNonBlocking        
00000b53  UARTCharPutNonBlocking        
00000b61  UARTCharsAvail                
00000b6f  __TI_decompress_none          
00000b7d  CPUcpsie                      
00000b89  ResetISR                      
00000b95  UARTCharGet                   
00000b9f  UARTCharPut                   
00000ba9  UARTIntStatus                 
00000bb3  UARTIntEnable                 
00000bbb  GPIOPinRead                   
00000bc1  GPIOPinWrite                  
00000bc7  SysCtlDelay                   
00000bcd  UARTIntClear                  
00000bd1  _system_pre_init              
00000bd5  C$$EXIT                       
00000bd5  abort                         
00000d48  __TI_Handler_Table_Base       
00000d50  __TI_Handler_Table_Limit      
00000d58  __TI_CINIT_Base               
00000d60  __TI_CINIT_Limit              
20000000  __stack                       
20000200  __STACK_END                   
20000200  __STACK_TOP                   
ffffffff  __TI_pprof_out_hndl           
ffffffff  __TI_prof_data_size           
ffffffff  __TI_prof_data_start          
ffffffff  __binit__                     
ffffffff  __c_args__                    
ffffffff  binit                         
UNDEFED   __mpu_init                    
UNDEFED   _system_post_cinit            

[62 symbols]
